line,ok,index,kind,expected,found,open_index
1,true,,,,,
2,true,,,,,
3,true,,,,,
4,false,1,MismatchedPair,),],
5,false,0,UnexpectedClosing,,],
6,false,2,UnclosedOpenings,),,2
7,true,,,,,