line,ok,index,kind,expected,found,open_index
1,false,0,UnexpectedClosing,,),
2,false,9,MismatchedPair,],},
3,false,13,MismatchedPair,},],
4,false,5,MismatchedPair,],),
5,false,2,UnexpectedClosing,,],
6,false,18,MismatchedPair,},],
7,false,5,UnexpectedClosing,,},
8,false,5,UnexpectedClosing,,),
9,false,13,MismatchedPair,),},
10,false,1,UnexpectedClosing,,},
11,false,0,UnexpectedClosing,,],
12,false,5,UnexpectedClosing,,],
13,false,5,UnexpectedClosing,,},
14,true,,,,,
15,false,10,MismatchedPair,),],
16,false,2,MismatchedPair,),},
17,false,14,UnexpectedClosing,,],
18,false,2,UnexpectedClosing,,},
19,false,0,UnexpectedClosing,,},
20,true,,,,,
21,false,1,MismatchedPair,),],
22,false,7,MismatchedPair,},),
23,false,0,UnexpectedClosing,,),
24,false,2,UnexpectedClosing,,),
25,false,0,UnexpectedClosing,,),
26,false,7,MismatchedPair,),},
27,false,2,MismatchedPair,],),
28,false,23,MismatchedPair,},],
29,false,1,UnexpectedClosing,,},
30,false,3,UnclosedOpenings,],,3
31,false,1,UnexpectedClosing,,),
32,false,17,UnexpectedClosing,,),
33,false,5,UnexpectedClosing,,],
34,false,43,MismatchedPair,],),
35,false,1,UnexpectedClosing,,],
36,false,2,MismatchedPair,},],
37,false,6,UnexpectedClosing,,},
38,false,3,UnexpectedClosing,,},
39,false,3,UnexpectedClosing,,},
40,false,7,UnexpectedClosing,,],
41,false,5,UnexpectedClosing,,),
42,false,0,UnexpectedClosing,,},
43,false,0,UnexpectedClosing,,},
44,false,1,UnexpectedClosing,,},
45,false,4,UnexpectedClosing,,},
46,false,10,UnclosedOpenings,],,10
47,false,0,UnexpectedClosing,,],
48,false,2,UnexpectedClosing,,),
49,false,12,MismatchedPair,],},
50,false,10,MismatchedPair,},],
51,false,9,MismatchedPair,],},
52,false,4,UnexpectedClosing,,),
53,false,2,UnexpectedClosing,,},
54,false,2,MismatchedPair,],},
55,false,3,MismatchedPair,},],
56,false,2,MismatchedPair,],),
57,false,4,MismatchedPair,},],
58,false,0,UnexpectedClosing,,),
59,false,11,MismatchedPair,],},
60,false,12,MismatchedPair,),},
61,false,4,MismatchedPair,},],
62,false,4,UnexpectedClosing,,},
63,false,3,MismatchedPair,],),
64,false,7,UnexpectedClosing,,},
65,false,5,MismatchedPair,],),
66,false,1,UnexpectedClosing,,),
67,false,0,UnexpectedClosing,,},
68,false,15,MismatchedPair,),},
69,false,1,UnexpectedClosing,,),
70,false,0,UnexpectedClosing,,},
71,false,0,UnexpectedClosing,,},
72,false,0,UnexpectedClosing,,},
73,false,2,UnexpectedClosing,,],
74,false,10,MismatchedPair,],),
75,false,0,UnexpectedClosing,,),
76,false,4,UnexpectedClosing,,],
77,false,0,UnexpectedClosing,,),
78,false,13,MismatchedPair,},],
79,false,3,UnexpectedClosing,,),
80,false,3,MismatchedPair,},),
81,false,4,MismatchedPair,},),
82,false,0,UnexpectedClosing,,},
83,false,5,UnexpectedClosing,,],
84,false,3,MismatchedPair,},),
85,false,1,UnexpectedClosing,,),
86,false,1,UnexpectedClosing,,),
87,false,1,UnexpectedClosing,,],
88,false,1,UnexpectedClosing,,},
89,false,1,UnexpectedClosing,,},
90,false,0,UnexpectedClosing,,],
91,false,1,UnexpectedClosing,,),
92,false,7,MismatchedPair,],},
93,false,2,MismatchedPair,],},
94,false,11,MismatchedPair,],),
95,false,4,UnexpectedClosing,,},
96,false,0,UnexpectedClosing,,],
97,false,18,MismatchedPair,),],
98,false,3,UnexpectedClosing,,},
99,false,1,MismatchedPair,},],
100,false,2,MismatchedPair,],},
101,false,0,UnexpectedClosing,,),
102,false,0,UnexpectedClosing,,},
103,false,9,MismatchedPair,],),
104,false,14,MismatchedPair,],),
105,false,0,UnexpectedClosing,,),
106,false,0,UnexpectedClosing,,},
107,false,2,UnexpectedClosing,,],
108,false,3,MismatchedPair,},],
109,false,7,UnexpectedClosing,,],
110,false,0,UnexpectedClosing,,},
111,false,1,UnexpectedClosing,,),
112,false,4,UnexpectedClosing,,],
113,false,1,MismatchedPair,},],
114,false,5,MismatchedPair,},],
115,false,15,MismatchedPair,},),
116,false,4,UnexpectedClosing,,),
117,false,22,MismatchedPair,],},
118,false,2,MismatchedPair,],),
119,false,0,UnexpectedClosing,,},
120,false,4,MismatchedPair,),},
121,false,0,UnexpectedClosing,,],
122,false,4,MismatchedPair,},),
123,false,0,UnexpectedClosing,,],
124,false,7,UnexpectedClosing,,},
125,false,5,MismatchedPair,},),
126,false,10,MismatchedPair,),},
127,false,16,UnexpectedClosing,,],
128,false,10,UnclosedOpenings,],,10
129,false,15,MismatchedPair,},],
130,false,4,MismatchedPair,},],
131,false,1,UnexpectedClosing,,),
132,false,9,MismatchedPair,},],
133,false,9,MismatchedPair,),},
134,false,4,MismatchedPair,),},
135,false,9,MismatchedPair,},),
136,false,5,MismatchedPair,],},
137,false,1,UnexpectedClosing,,],
138,false,1,UnexpectedClosing,,),
139,false,0,UnexpectedClosing,,],
140,false,17,MismatchedPair,},],
141,false,14,MismatchedPair,},],
142,false,26,MismatchedPair,],},
143,false,0,UnexpectedClosing,,],
144,false,1,UnexpectedClosing,,],
145,false,12,MismatchedPair,),],
146,false,7,MismatchedPair,],},
147,false,15,UnclosedOpenings,],,15
148,false,2,UnexpectedClosing,,},
149,false,6,MismatchedPair,},],
150,false,5,UnexpectedClosing,,},
151,false,1,MismatchedPair,],),
152,false,10,UnexpectedClosing,,),
153,false,8,MismatchedPair,},],
154,false,11,MismatchedPair,],},
155,false,1,UnexpectedClosing,,},
156,false,2,UnexpectedClosing,,],
157,false,9,MismatchedPair,},],
158,false,7,UnclosedOpenings,],,7
159,false,1,MismatchedPair,),},
160,false,12,MismatchedPair,],),
161,false,0,UnexpectedClosing,,},
162,false,23,MismatchedPair,),},
163,false,0,UnexpectedClosing,,),
164,false,8,MismatchedPair,],),
165,false,0,UnexpectedClosing,,),
166,false,1,UnexpectedClosing,,),
167,false,0,UnexpectedClosing,,],
168,false,0,UnexpectedClosing,,),
169,false,3,MismatchedPair,),],
170,false,8,MismatchedPair,],),
171,false,2,UnexpectedClosing,,},
172,false,12,UnexpectedClosing,,),
173,false,0,UnexpectedClosing,,],
174,false,0,UnexpectedClosing,,],
175,false,16,MismatchedPair,},],
176,false,4,MismatchedPair,],),
177,false,16,MismatchedPair,],),
178,false,11,MismatchedPair,},),
179,false,1,MismatchedPair,],),
180,false,13,MismatchedPair,],),
181,false,8,MismatchedPair,},),
182,false,3,MismatchedPair,),],
183,false,2,UnexpectedClosing,,),
184,false,22,MismatchedPair,),},
185,false,11,MismatchedPair,},),
186,false,0,UnexpectedClosing,,],
187,false,6,MismatchedPair,),],
188,false,0,UnexpectedClosing,,),
189,false,2,UnexpectedClosing,,),
190,false,9,UnexpectedClosing,,},
191,false,6,UnexpectedClosing,,},
192,false,12,MismatchedPair,],),
193,false,21,MismatchedPair,],},
194,false,17,MismatchedPair,},],
195,false,6,MismatchedPair,},),
196,false,9,MismatchedPair,},),
197,false,7,UnexpectedClosing,,],
198,false,0,UnexpectedClosing,,},
199,false,7,UnexpectedClosing,,),
200,false,4,UnexpectedClosing,,],
201,false,8,MismatchedPair,},],
202,false,3,MismatchedPair,),},
203,false,12,MismatchedPair,],),
204,false,26,MismatchedPair,],},
205,false,6,MismatchedPair,},],
206,false,6,MismatchedPair,),},
207,false,2,MismatchedPair,},),
208,false,2,UnexpectedClosing,,),
209,false,1,MismatchedPair,},],
210,false,5,UnexpectedClosing,,],
211,false,5,MismatchedPair,},],
212,false,1,MismatchedPair,},),
213,false,9,MismatchedPair,},),
214,false,7,MismatchedPair,),},
215,false,5,UnexpectedClosing,,),
216,false,4,MismatchedPair,],},
217,false,0,UnexpectedClosing,,],
218,false,14,MismatchedPair,),],
219,false,8,UnexpectedClosing,,],
220,false,3,MismatchedPair,],),
221,false,18,MismatchedPair,],),
222,false,1,UnexpectedClosing,,},
223,false,7,MismatchedPair,),],
224,false,0,UnexpectedClosing,,],
225,false,0,UnexpectedClosing,,],
226,false,0,UnexpectedClosing,,],
227,false,1,UnexpectedClosing,,),
228,false,35,MismatchedPair,},),
229,false,14,UnexpectedClosing,,},
230,false,0,UnexpectedClosing,,),
231,false,2,MismatchedPair,),},
232,false,3,UnexpectedClosing,,),
233,false,3,MismatchedPair,},],
234,false,5,UnexpectedClosing,,],
235,false,11,MismatchedPair,},],
236,false,7,UnexpectedClosing,,],
237,false,3,MismatchedPair,],),
238,false,0,UnexpectedClosing,,),
239,false,0,UnexpectedClosing,,],
240,false,7,MismatchedPair,],},
241,false,4,MismatchedPair,],),
242,false,12,MismatchedPair,},],
243,false,0,UnexpectedClosing,,),
244,false,1,UnexpectedClosing,,},
245,false,1,UnexpectedClosing,,},
246,false,1,MismatchedPair,},),
247,false,0,UnexpectedClosing,,],
248,false,0,UnexpectedClosing,,},
249,false,3,UnexpectedClosing,,},
250,false,2,UnexpectedClosing,,),
251,false,0,UnexpectedClosing,,],
252,false,12,MismatchedPair,),],
253,false,25,MismatchedPair,},],
254,false,0,UnexpectedClosing,,},
255,false,13,MismatchedPair,),},
256,false,9,MismatchedPair,},),
257,false,0,UnexpectedClosing,,),
258,false,0,UnexpectedClosing,,),
259,false,0,UnexpectedClosing,,},
260,false,6,MismatchedPair,},),
261,false,5,UnexpectedClosing,,),
262,false,3,UnexpectedClosing,,),
263,false,0,UnexpectedClosing,,},
264,false,0,UnexpectedClosing,,),
265,false,15,MismatchedPair,],},
266,false,7,UnexpectedClosing,,),
267,false,12,UnexpectedClosing,,],
268,false,1,MismatchedPair,],},
269,false,21,MismatchedPair,},),
270,false,3,MismatchedPair,],},
271,false,6,UnexpectedClosing,,},
272,false,2,UnexpectedClosing,,},
273,false,0,UnexpectedClosing,,),
274,false,2,UnexpectedClosing,,],
275,false,3,MismatchedPair,],},
276,false,2,UnexpectedClosing,,},
277,false,1,UnexpectedClosing,,},
278,false,7,MismatchedPair,],),
279,false,2,UnexpectedClosing,,],
280,false,16,MismatchedPair,},],
281,false,1,UnexpectedClosing,,},
282,false,6,MismatchedPair,],},
283,false,1,MismatchedPair,},),
284,false,38,MismatchedPair,},),
285,false,18,MismatchedPair,),],
286,false,5,MismatchedPair,},),
287,false,6,MismatchedPair,),},
288,false,5,MismatchedPair,],},
289,false,4,MismatchedPair,},],
290,false,2,UnexpectedClosing,,],
291,false,1,MismatchedPair,),],
292,false,0,UnexpectedClosing,,),
293,false,8,MismatchedPair,},],
294,false,5,MismatchedPair,},),
295,false,18,UnclosedOpenings,],,18
296,false,0,UnexpectedClosing,,],
297,false,0,UnexpectedClosing,,},
298,false,0,UnexpectedClosing,,],
299,false,0,UnexpectedClosing,,),
300,false,14,MismatchedPair,],),
301,false,0,UnexpectedClosing,,},
302,false,8,MismatchedPair,),],
303,false,0,UnexpectedClosing,,},
304,false,0,UnexpectedClosing,,},
305,false,11,MismatchedPair,),},
306,false,9,MismatchedPair,),],
307,false,15,MismatchedPair,},),
308,false,2,UnexpectedClosing,,],
309,false,2,MismatchedPair,),},
310,false,0,UnexpectedClosing,,],
311,false,15,MismatchedPair,},),
312,false,4,UnexpectedClosing,,],
313,false,18,MismatchedPair,},),
314,false,6,UnexpectedClosing,,},
315,false,1,UnexpectedClosing,,},
316,false,3,MismatchedPair,],},
317,false,1,UnexpectedClosing,,],
318,false,8,MismatchedPair,],),
319,true,,,,,
320,false,5,MismatchedPair,},),
321,false,3,UnexpectedClosing,,},
322,false,7,MismatchedPair,),},
323,false,1,UnexpectedClosing,,],
324,false,17,MismatchedPair,),],
325,false,28,MismatchedPair,],),
326,false,0,UnexpectedClosing,,],
327,false,1,UnexpectedClosing,,],
328,false,2,UnexpectedClosing,,],
329,false,4,UnexpectedClosing,,),
330,false,21,MismatchedPair,},],
331,false,1,UnexpectedClosing,,],
332,false,6,MismatchedPair,],},
333,false,0,UnexpectedClosing,,},
334,false,0,UnexpectedClosing,,],
335,false,5,MismatchedPair,],),
336,false,2,UnexpectedClosing,,),
337,false,13,MismatchedPair,],},
338,false,0,UnexpectedClosing,,},
339,false,13,MismatchedPair,),],
340,false,5,MismatchedPair,],},
341,false,9,UnclosedOpenings,),,9
342,false,6,MismatchedPair,],),
343,false,0,UnexpectedClosing,,),
344,false,0,UnexpectedClosing,,),
345,false,4,UnexpectedClosing,,},
346,false,11,MismatchedPair,},),
347,false,36,MismatchedPair,},),
348,false,5,MismatchedPair,),],
349,false,2,UnexpectedClosing,,},
350,false,1,UnexpectedClosing,,),
351,false,5,UnexpectedClosing,,],
352,false,13,MismatchedPair,],},
353,false,22,MismatchedPair,},),
354,false,0,UnexpectedClosing,,],
355,false,6,MismatchedPair,},],
356,false,6,UnexpectedClosing,,),
357,false,1,UnexpectedClosing,,),
358,false,17,MismatchedPair,),],
359,false,8,MismatchedPair,],},
360,false,14,MismatchedPair,),],
361,false,1,MismatchedPair,},),
362,false,7,MismatchedPair,),},
363,false,10,MismatchedPair,),},
364,false,0,UnexpectedClosing,,),
365,false,10,MismatchedPair,},),
366,false,4,UnexpectedClosing,,),
367,false,8,MismatchedPair,],},
368,false,0,UnexpectedClosing,,},
369,false,0,UnexpectedClosing,,],
370,false,6,MismatchedPair,],},
371,false,4,MismatchedPair,],},
372,false,10,UnclosedOpenings,],,10
373,false,4,UnexpectedClosing,,],
374,false,5,UnexpectedClosing,,],
375,false,0,UnexpectedClosing,,),
376,false,5,MismatchedPair,},],
377,false,0,UnexpectedClosing,,),
378,false,1,MismatchedPair,),},
379,false,0,UnexpectedClosing,,),
380,false,4,UnexpectedClosing,,),
381,false,0,UnexpectedClosing,,],
382,false,2,UnexpectedClosing,,},
383,false,13,MismatchedPair,],),
384,false,8,MismatchedPair,),},
385,false,0,UnexpectedClosing,,},
386,false,8,MismatchedPair,},),
387,false,5,UnexpectedClosing,,],
388,false,5,MismatchedPair,),},
389,false,4,MismatchedPair,],),
390,false,3,MismatchedPair,],),
391,false,0,UnexpectedClosing,,},
392,false,16,MismatchedPair,},],
393,false,0,UnexpectedClosing,,},
394,false,8,MismatchedPair,),],
395,false,0,UnexpectedClosing,,),
396,false,16,MismatchedPair,},],
397,false,0,UnexpectedClosing,,},
398,false,4,UnclosedOpenings,],,4
399,false,0,UnexpectedClosing,,},
400,false,1,UnexpectedClosing,,},
401,false,6,UnexpectedClosing,,},
402,false,0,UnexpectedClosing,,],
403,false,1,UnexpectedClosing,,],
404,false,2,MismatchedPair,},),
405,false,7,MismatchedPair,),},
406,false,9,MismatchedPair,],),
407,false,0,UnexpectedClosing,,],
408,false,1,UnexpectedClosing,,),
409,false,11,MismatchedPair,],},
410,false,6,MismatchedPair,},),
411,false,3,MismatchedPair,},],
412,false,6,MismatchedPair,},],
413,false,0,UnexpectedClosing,,],
414,false,1,UnexpectedClosing,,],
415,false,0,UnexpectedClosing,,),
416,false,1,UnexpectedClosing,,),
417,false,8,UnexpectedClosing,,},
418,false,8,UnexpectedClosing,,],
419,false,11,MismatchedPair,),],
420,false,9,MismatchedPair,),},
421,false,3,MismatchedPair,),],
422,false,8,UnclosedOpenings,],,8
423,false,5,MismatchedPair,),},
424,false,4,MismatchedPair,),],
425,false,3,MismatchedPair,],),
426,false,4,UnexpectedClosing,,},
427,false,0,UnexpectedClosing,,],
428,false,0,UnexpectedClosing,,},
429,false,1,UnexpectedClosing,,),
430,false,6,UnexpectedClosing,,},
431,false,0,UnexpectedClosing,,),
432,false,4,MismatchedPair,],),
433,false,11,UnexpectedClosing,,},
434,false,3,UnexpectedClosing,,},
435,false,3,UnexpectedClosing,,],
436,false,2,UnexpectedClosing,,},
437,false,16,MismatchedPair,},],
438,false,9,UnexpectedClosing,,],
439,false,4,UnexpectedClosing,,},
440,false,19,MismatchedPair,],},
441,false,6,MismatchedPair,],},
442,false,5,UnexpectedClosing,,],
443,false,1,UnexpectedClosing,,},
444,false,1,MismatchedPair,),},
445,false,1,UnexpectedClosing,,),
446,false,4,MismatchedPair,},],
447,false,4,UnexpectedClosing,,),
448,false,0,UnexpectedClosing,,},
449,false,2,MismatchedPair,},],
450,false,6,MismatchedPair,],},
451,false,7,MismatchedPair,),],
452,false,4,UnexpectedClosing,,),
453,false,3,MismatchedPair,),],
454,false,4,MismatchedPair,),],
455,false,2,UnexpectedClosing,,),
456,false,3,MismatchedPair,},),
457,false,9,MismatchedPair,],),
458,false,5,MismatchedPair,),},
459,false,7,MismatchedPair,),],
460,false,7,MismatchedPair,],},
461,false,4,UnexpectedClosing,,),
462,false,2,MismatchedPair,],),
463,false,4,UnexpectedClosing,,},
464,false,1,UnexpectedClosing,,),
465,false,13,MismatchedPair,],),
466,false,20,MismatchedPair,},),
467,false,3,MismatchedPair,},],
468,false,0,UnexpectedClosing,,],
469,false,4,UnexpectedClosing,,),
470,false,4,UnexpectedClosing,,),
471,false,10,MismatchedPair,),},
472,false,0,UnexpectedClosing,,),
473,false,9,MismatchedPair,],},
474,false,19,MismatchedPair,},],
475,false,6,UnexpectedClosing,,),
476,false,0,UnexpectedClosing,,),
477,false,6,MismatchedPair,},],
478,false,0,UnexpectedClosing,,],
479,false,5,MismatchedPair,),],
480,false,15,UnexpectedClosing,,),
481,false,1,UnexpectedClosing,,},
482,false,7,MismatchedPair,],),
483,false,14,MismatchedPair,},),
484,false,2,UnexpectedClosing,,],
485,false,8,MismatchedPair,),],
486,false,0,UnexpectedClosing,,],
487,false,12,UnexpectedClosing,,],
488,false,1,UnexpectedClosing,,),
489,false,0,UnexpectedClosing,,],
490,false,2,UnexpectedClosing,,},
491,false,6,UnexpectedClosing,,),
492,false,1,UnexpectedClosing,,],
493,false,19,MismatchedPair,],),
494,false,18,MismatchedPair,],},
495,false,10,MismatchedPair,},],
496,false,15,MismatchedPair,),],
497,false,8,UnexpectedClosing,,},
498,false,4,UnexpectedClosing,,},
499,false,0,UnexpectedClosing,,},
500,false,22,MismatchedPair,},),
501,false,9,MismatchedPair,},),
502,false,7,UnexpectedClosing,,],
503,false,15,MismatchedPair,),},
504,false,3,MismatchedPair,],},
505,false,6,MismatchedPair,],},
506,false,5,MismatchedPair,),},
507,false,5,MismatchedPair,},],
508,false,6,UnexpectedClosing,,],
509,false,0,UnexpectedClosing,,],
510,false,6,MismatchedPair,],),
511,false,17,MismatchedPair,},),
512,false,5,MismatchedPair,},),
513,false,35,MismatchedPair,),],
514,false,2,MismatchedPair,],),
515,false,4,UnexpectedClosing,,},
516,false,1,UnexpectedClosing,,],
517,false,3,UnexpectedClosing,,),
518,false,16,MismatchedPair,),},
519,false,0,UnexpectedClosing,,),
520,false,0,UnexpectedClosing,,},
521,false,1,UnexpectedClosing,,},
522,false,0,UnexpectedClosing,,),
523,false,6,MismatchedPair,),},
524,false,0,UnexpectedClosing,,),
525,false,10,MismatchedPair,],),
526,false,6,UnexpectedClosing,,),
527,false,4,MismatchedPair,),},
528,false,0,UnexpectedClosing,,],
529,false,1,UnexpectedClosing,,],
530,false,0,UnclosedOpenings,),,0
531,false,1,MismatchedPair,},),
532,false,0,UnexpectedClosing,,],
533,false,2,MismatchedPair,],},
534,false,2,UnexpectedClosing,,},
535,false,2,UnexpectedClosing,,],
536,false,0,UnexpectedClosing,,),
537,false,3,UnexpectedClosing,,],
538,false,2,UnexpectedClosing,,],
539,false,2,UnexpectedClosing,,},
540,false,0,UnexpectedClosing,,),
541,false,7,UnexpectedClosing,,),
542,false,7,MismatchedPair,},),
543,false,1,MismatchedPair,],),
544,false,7,MismatchedPair,),},
545,false,11,UnexpectedClosing,,),
546,false,16,MismatchedPair,),],
547,false,0,UnexpectedClosing,,],
548,false,1,MismatchedPair,),],
549,false,0,UnexpectedClosing,,],
550,false,0,UnexpectedClosing,,},
551,false,0,UnexpectedClosing,,},
552,false,20,MismatchedPair,},],
553,false,6,UnexpectedClosing,,},
554,false,10,MismatchedPair,},),
555,false,30,UnclosedOpenings,},,30
556,false,3,UnexpectedClosing,,},
557,false,31,MismatchedPair,],),
558,false,2,UnexpectedClosing,,],
559,false,2,UnexpectedClosing,,],
560,false,0,UnexpectedClosing,,},
561,false,0,UnexpectedClosing,,},
562,false,3,UnexpectedClosing,,),
563,false,4,UnexpectedClosing,,},
564,false,10,MismatchedPair,],},
565,false,2,MismatchedPair,),],
566,false,0,UnexpectedClosing,,],
567,false,21,MismatchedPair,},],
568,false,0,UnexpectedClosing,,},
569,false,16,UnexpectedClosing,,],
570,false,2,MismatchedPair,},),
571,false,10,MismatchedPair,],),
572,false,16,MismatchedPair,},],
573,false,10,MismatchedPair,},),
574,false,9,MismatchedPair,],),
575,false,3,UnexpectedClosing,,],
576,false,29,MismatchedPair,],),
577,false,10,MismatchedPair,},],
578,false,29,MismatchedPair,],},
579,false,21,MismatchedPair,},),
580,false,4,UnexpectedClosing,,},
581,false,8,MismatchedPair,],),
582,false,6,MismatchedPair,),},
583,false,1,MismatchedPair,),],
584,false,10,UnexpectedClosing,,},
585,false,0,UnexpectedClosing,,),
586,false,33,MismatchedPair,],),
587,false,2,UnexpectedClosing,,),
588,false,0,UnexpectedClosing,,],
589,false,6,MismatchedPair,),],
590,false,0,UnexpectedClosing,,},
591,false,5,MismatchedPair,),},
592,false,0,UnexpectedClosing,,},
593,false,0,UnexpectedClosing,,],
594,false,15,MismatchedPair,},],
595,false,1,MismatchedPair,],},
596,false,4,MismatchedPair,),},
597,false,7,MismatchedPair,),],
598,false,17,MismatchedPair,),],
599,false,7,MismatchedPair,},],
600,false,7,UnexpectedClosing,,),
601,false,10,MismatchedPair,),},
602,false,12,MismatchedPair,),},
603,false,12,MismatchedPair,},),
604,false,13,MismatchedPair,],},
605,false,4,UnexpectedClosing,,),
606,false,1,UnexpectedClosing,,],
607,false,36,MismatchedPair,),],
608,false,6,UnexpectedClosing,,],
609,false,1,UnexpectedClosing,,],
610,false,13,MismatchedPair,},],
611,false,2,MismatchedPair,},),
612,false,12,MismatchedPair,],),
613,false,1,UnexpectedClosing,,],
614,false,7,MismatchedPair,},),
615,false,0,UnexpectedClosing,,],
616,false,1,UnexpectedClosing,,],
617,false,0,UnexpectedClosing,,],
618,false,13,MismatchedPair,},],
619,false,11,MismatchedPair,],},
620,false,0,UnexpectedClosing,,),
621,false,6,MismatchedPair,],},
622,false,9,UnexpectedClosing,,],
623,false,3,MismatchedPair,),],
624,false,4,MismatchedPair,),],
625,false,15,MismatchedPair,],),
626,false,16,MismatchedPair,},],
627,false,6,MismatchedPair,},),
628,false,5,UnexpectedClosing,,),
629,false,16,MismatchedPair,},),
630,false,5,MismatchedPair,),},
631,false,0,UnexpectedClosing,,],
632,false,0,UnexpectedClosing,,},
633,false,8,MismatchedPair,],),
634,false,0,UnexpectedClosing,,},
635,false,1,UnexpectedClosing,,),
636,false,0,UnexpectedClosing,,},
637,false,0,UnexpectedClosing,,),
638,false,5,UnexpectedClosing,,],
639,false,0,UnexpectedClosing,,),
640,false,1,UnexpectedClosing,,],
641,false,1,UnexpectedClosing,,],
642,false,0,UnexpectedClosing,,},
643,false,3,MismatchedPair,},],
644,false,0,UnexpectedClosing,,},
645,false,0,UnexpectedClosing,,],
646,false,10,MismatchedPair,),],
647,false,2,MismatchedPair,],},
648,false,2,UnexpectedClosing,,),
649,false,0,UnexpectedClosing,,},
650,false,7,UnexpectedClosing,,},
651,false,2,UnclosedOpenings,),,2
652,false,14,MismatchedPair,),},
653,false,1,UnexpectedClosing,,],
654,false,6,UnexpectedClosing,,},
655,false,1,UnexpectedClosing,,),
656,false,6,MismatchedPair,),},
657,false,13,MismatchedPair,],},
658,false,8,MismatchedPair,),},
659,false,16,MismatchedPair,),},
660,false,1,UnexpectedClosing,,},
661,false,0,UnexpectedClosing,,],
662,false,0,UnexpectedClosing,,},
663,false,0,UnexpectedClosing,,},
664,false,2,UnexpectedClosing,,],
665,false,0,UnexpectedClosing,,},
666,false,2,MismatchedPair,],),
667,false,2,MismatchedPair,},),
668,false,3,UnexpectedClosing,,],
669,false,1,UnexpectedClosing,,),
670,false,1,UnexpectedClosing,,},
671,false,0,UnexpectedClosing,,},
672,false,18,MismatchedPair,},),
673,false,4,MismatchedPair,),],
674,false,0,UnexpectedClosing,,),
675,false,10,UnexpectedClosing,,},
676,false,2,UnexpectedClosing,,},
677,false,1,MismatchedPair,],),
678,false,17,MismatchedPair,],),
679,false,1,UnexpectedClosing,,),
680,false,3,MismatchedPair,},],
681,false,2,UnclosedOpenings,},,2
682,false,1,UnexpectedClosing,,),
683,false,5,UnexpectedClosing,,),
684,false,0,UnexpectedClosing,,),
685,false,5,MismatchedPair,),],
686,false,0,UnexpectedClosing,,],
687,false,15,MismatchedPair,},),
688,false,4,UnexpectedClosing,,},
689,false,10,MismatchedPair,],},
690,false,3,UnexpectedClosing,,},
691,false,7,UnexpectedClosing,,},
692,false,12,MismatchedPair,),},
693,false,1,UnexpectedClosing,,],
694,false,0,UnexpectedClosing,,),
695,false,0,UnexpectedClosing,,),
696,false,12,MismatchedPair,),],
697,false,1,UnexpectedClosing,,},
698,false,2,UnexpectedClosing,,},
699,false,13,MismatchedPair,],},
700,false,4,UnexpectedClosing,,],
701,false,18,MismatchedPair,),],
702,false,2,UnexpectedClosing,,),
703,false,1,MismatchedPair,],),
704,false,8,UnexpectedClosing,,},
705,false,1,MismatchedPair,},],
706,false,19,MismatchedPair,},),
707,false,0,UnexpectedClosing,,),
708,false,13,MismatchedPair,],},
709,false,0,UnexpectedClosing,,],
710,false,10,MismatchedPair,},],
711,false,4,MismatchedPair,},),
712,false,1,UnexpectedClosing,,},
713,false,1,MismatchedPair,),],
714,false,11,MismatchedPair,),],
715,false,5,MismatchedPair,],),
716,false,2,UnexpectedClosing,,),
717,false,2,MismatchedPair,},],
718,false,12,UnexpectedClosing,,],
719,false,4,MismatchedPair,),],
720,false,4,MismatchedPair,),],
721,false,4,UnexpectedClosing,,],
722,false,1,MismatchedPair,),],
723,false,12,UnexpectedClosing,,),
724,false,11,MismatchedPair,],),
725,false,0,UnexpectedClosing,,],
726,false,7,UnexpectedClosing,,),
727,false,1,UnexpectedClosing,,),
728,false,2,MismatchedPair,],},
729,false,5,MismatchedPair,],},
730,false,5,UnexpectedClosing,,},
731,false,3,UnexpectedClosing,,},
732,false,2,MismatchedPair,),],
733,false,6,UnclosedOpenings,},,6
734,false,2,UnexpectedClosing,,),
735,false,8,MismatchedPair,),],
736,false,21,MismatchedPair,},),
737,false,0,UnexpectedClosing,,},
738,false,3,MismatchedPair,),},
739,false,6,UnexpectedClosing,,),
740,false,1,UnexpectedClosing,,],
741,false,0,UnexpectedClosing,,},
742,false,34,MismatchedPair,},],
743,false,5,UnexpectedClosing,,},
744,false,5,UnexpectedClosing,,],
745,false,5,UnexpectedClosing,,},
746,false,5,MismatchedPair,],},
747,false,7,MismatchedPair,),],
748,false,2,MismatchedPair,},),
749,false,5,UnexpectedClosing,,),
750,false,2,UnexpectedClosing,,),
751,false,17,MismatchedPair,},),
752,false,8,UnexpectedClosing,,},
753,false,0,UnexpectedClosing,,),
754,false,12,MismatchedPair,),},
755,false,4,UnexpectedClosing,,],
756,false,25,MismatchedPair,),],
757,false,5,MismatchedPair,},),
758,false,7,MismatchedPair,],),
759,false,3,MismatchedPair,],},
760,false,0,UnexpectedClosing,,],
761,false,12,MismatchedPair,),],
762,false,7,UnexpectedClosing,,},
763,false,2,UnexpectedClosing,,],
764,false,18,MismatchedPair,],},
765,false,7,MismatchedPair,),},
766,false,22,MismatchedPair,],),
767,false,11,UnexpectedClosing,,),
768,false,7,UnexpectedClosing,,},
769,false,2,UnexpectedClosing,,],
770,false,0,UnexpectedClosing,,],
771,false,6,MismatchedPair,),],
772,false,2,MismatchedPair,),},
773,false,0,UnexpectedClosing,,),
774,false,64,MismatchedPair,],},
775,false,9,MismatchedPair,],),
776,false,2,MismatchedPair,},),
777,false,1,MismatchedPair,},],
778,false,4,MismatchedPair,},),
779,false,2,MismatchedPair,},),
780,false,15,UnexpectedClosing,,),
781,false,2,UnexpectedClosing,,),
782,false,6,UnexpectedClosing,,},
783,false,8,MismatchedPair,),},
784,false,2,MismatchedPair,],),
785,false,0,UnexpectedClosing,,),
786,false,3,MismatchedPair,),},
787,true,,,,,
788,false,0,UnexpectedClosing,,],
789,false,4,UnexpectedClosing,,},
790,false,7,MismatchedPair,},],
791,false,3,UnexpectedClosing,,},
792,false,0,UnexpectedClosing,,],
793,false,1,UnexpectedClosing,,),
794,false,15,MismatchedPair,},),
795,false,2,UnexpectedClosing,,},
796,false,5,MismatchedPair,),],
797,false,2,UnexpectedClosing,,},
798,false,0,UnexpectedClosing,,],
799,false,3,MismatchedPair,),},
800,false,1,UnexpectedClosing,,],
801,false,0,UnexpectedClosing,,},
802,false,4,UnexpectedClosing,,),
803,false,1,UnexpectedClosing,,),
804,false,0,UnexpectedClosing,,),
805,false,19,MismatchedPair,],},
806,false,0,UnexpectedClosing,,],
807,false,2,UnexpectedClosing,,],
808,false,2,MismatchedPair,],},
809,false,9,MismatchedPair,],),
810,false,9,UnexpectedClosing,,],
811,false,1,MismatchedPair,],),
812,false,0,UnexpectedClosing,,},
813,false,4,MismatchedPair,),],
814,false,4,MismatchedPair,},),
815,false,3,UnexpectedClosing,,},
816,false,0,UnexpectedClosing,,),
817,false,5,UnexpectedClosing,,),
818,false,0,UnexpectedClosing,,],
819,false,7,UnexpectedClosing,,),
820,false,1,UnexpectedClosing,,},
821,false,5,UnexpectedClosing,,],
822,false,10,MismatchedPair,],},
823,false,11,UnexpectedClosing,,),
824,false,8,UnexpectedClosing,,),
825,false,0,UnexpectedClosing,,],
826,false,0,UnexpectedClosing,,],
827,false,18,MismatchedPair,],),
828,false,12,MismatchedPair,),],
829,false,1,UnexpectedClosing,,},
830,false,1,UnexpectedClosing,,),
831,false,19,MismatchedPair,},),
832,false,3,UnexpectedClosing,,),
833,false,18,MismatchedPair,),],
834,false,1,UnexpectedClosing,,],
835,false,3,MismatchedPair,),],
836,false,4,MismatchedPair,},),
837,false,2,UnexpectedClosing,,),
838,false,0,UnexpectedClosing,,),
839,false,3,UnexpectedClosing,,},
840,false,2,UnexpectedClosing,,},
841,false,14,MismatchedPair,],},
842,false,14,MismatchedPair,],},
843,false,16,MismatchedPair,],},
844,false,1,UnexpectedClosing,,],
845,false,7,MismatchedPair,),},
846,false,27,MismatchedPair,},],
847,false,6,UnexpectedClosing,,],
848,false,23,MismatchedPair,),],
849,false,5,UnexpectedClosing,,],
850,false,5,MismatchedPair,),},
851,false,1,UnexpectedClosing,,},
852,false,1,UnexpectedClosing,,),
853,false,1,MismatchedPair,],),
854,false,7,MismatchedPair,},),
855,false,0,UnexpectedClosing,,),
856,false,0,UnexpectedClosing,,),
857,false,7,UnexpectedClosing,,),
858,false,1,UnexpectedClosing,,},
859,false,7,MismatchedPair,},],
860,false,1,UnexpectedClosing,,},
861,false,11,MismatchedPair,),],
862,false,0,UnexpectedClosing,,],
863,false,0,UnexpectedClosing,,),
864,false,5,UnexpectedClosing,,},
865,false,52,MismatchedPair,],),
866,false,2,UnexpectedClosing,,),
867,false,1,UnexpectedClosing,,],
868,false,2,UnexpectedClosing,,],
869,false,0,UnexpectedClosing,,],
870,false,0,UnexpectedClosing,,],
871,false,0,UnexpectedClosing,,),
872,false,21,UnexpectedClosing,,},
873,false,0,UnexpectedClosing,,},
874,false,6,MismatchedPair,},),
875,false,4,MismatchedPair,},),
876,false,1,UnexpectedClosing,,),
877,false,13,MismatchedPair,),],
878,false,0,UnexpectedClosing,,},
879,false,1,MismatchedPair,},),
880,false,0,UnexpectedClosing,,},
881,false,0,UnexpectedClosing,,),
882,false,7,MismatchedPair,},],
883,false,5,UnexpectedClosing,,},
884,false,0,UnexpectedClosing,,),
885,false,15,MismatchedPair,),},
886,false,9,UnexpectedClosing,,],
887,false,3,MismatchedPair,),],
888,false,12,MismatchedPair,],),
889,true,,,,,
890,false,13,UnexpectedClosing,,},
891,false,0,UnexpectedClosing,,},
892,false,4,MismatchedPair,],},
893,false,2,UnexpectedClosing,,},
894,false,13,MismatchedPair,],),
895,false,18,MismatchedPair,),},
896,false,1,UnexpectedClosing,,),
897,false,34,MismatchedPair,},],
898,false,0,UnexpectedClosing,,),
899,false,6,MismatchedPair,],),
900,false,2,UnexpectedClosing,,],
901,false,1,UnexpectedClosing,,],
902,false,16,MismatchedPair,],),
903,false,7,MismatchedPair,),],
904,false,19,MismatchedPair,},],
905,false,0,UnexpectedClosing,,},
906,false,5,UnexpectedClosing,,),
907,false,5,MismatchedPair,),],
908,false,8,UnexpectedClosing,,},
909,false,6,MismatchedPair,],),
910,false,0,UnexpectedClosing,,),
911,false,14,MismatchedPair,),},
912,false,1,UnexpectedClosing,,],
913,false,25,MismatchedPair,),],
914,false,0,UnexpectedClosing,,],
915,false,16,MismatchedPair,),],
916,false,14,MismatchedPair,],),
917,false,4,MismatchedPair,},),
918,false,0,UnexpectedClosing,,},
919,false,3,MismatchedPair,),},
920,false,0,UnexpectedClosing,,},
921,false,10,MismatchedPair,],},
922,false,9,MismatchedPair,},],
923,false,4,UnexpectedClosing,,),
924,false,7,MismatchedPair,},],
925,false,1,UnexpectedClosing,,),
926,false,7,MismatchedPair,),},
927,false,8,MismatchedPair,},),
928,false,1,UnexpectedClosing,,},
929,false,70,MismatchedPair,),],
930,false,5,MismatchedPair,),},
931,false,1,UnexpectedClosing,,],
932,false,19,MismatchedPair,},),
933,false,5,MismatchedPair,),},
934,false,8,MismatchedPair,},),
935,false,14,MismatchedPair,],},
936,false,9,MismatchedPair,},),
937,false,1,UnexpectedClosing,,],
938,false,10,UnexpectedClosing,,],
939,false,1,UnexpectedClosing,,],
940,false,1,UnexpectedClosing,,},
941,false,4,UnexpectedClosing,,),
942,false,6,UnexpectedClosing,,],
943,false,6,UnexpectedClosing,,),
944,false,1,UnexpectedClosing,,},
945,false,0,UnexpectedClosing,,],
946,false,0,UnexpectedClosing,,),
947,false,1,UnexpectedClosing,,],
948,false,3,MismatchedPair,],},
949,false,0,UnexpectedClosing,,),
950,false,2,UnexpectedClosing,,},
951,false,14,MismatchedPair,],},
952,false,9,UnexpectedClosing,,),
953,false,0,UnexpectedClosing,,],
954,false,1,UnexpectedClosing,,),
955,false,10,MismatchedPair,),],
956,false,26,MismatchedPair,],),
957,false,7,MismatchedPair,),],
958,false,9,MismatchedPair,],},
959,false,8,UnexpectedClosing,,],
960,false,0,UnexpectedClosing,,},
961,false,5,MismatchedPair,],},
962,false,0,UnexpectedClosing,,},
963,false,1,UnexpectedClosing,,},
964,false,0,UnexpectedClosing,,],
965,false,8,UnexpectedClosing,,),
966,false,2,UnexpectedClosing,,],
967,false,4,UnexpectedClosing,,),
968,false,0,UnexpectedClosing,,},
969,false,15,MismatchedPair,],},
970,false,24,MismatchedPair,),},
971,false,2,MismatchedPair,),},
972,false,15,UnexpectedClosing,,},
973,false,7,MismatchedPair,},),
974,false,0,UnexpectedClosing,,],
975,false,12,MismatchedPair,},),
976,false,2,MismatchedPair,],),
977,false,5,MismatchedPair,},),
978,false,16,MismatchedPair,],},
979,false,0,UnexpectedClosing,,],
980,false,4,UnexpectedClosing,,),
981,false,9,MismatchedPair,),],
982,false,12,UnexpectedClosing,,},
983,false,4,MismatchedPair,),],
984,false,16,MismatchedPair,),],
985,false,0,UnexpectedClosing,,],
986,false,20,UnclosedOpenings,),,20
987,false,39,MismatchedPair,},],
988,false,1,UnexpectedClosing,,),
989,false,6,UnexpectedClosing,,},
990,false,14,MismatchedPair,},),
991,false,1,UnexpectedClosing,,},
992,false,2,UnexpectedClosing,,),
993,false,6,MismatchedPair,],},
994,false,42,MismatchedPair,),},
995,false,5,MismatchedPair,},],
996,false,0,UnexpectedClosing,,},
997,false,12,MismatchedPair,),},
998,false,0,UnexpectedClosing,,},
999,false,0,UnexpectedClosing,,],
1000,false,3,MismatchedPair,],},
